
======================================================================================================================================================
24000 初值与 24000→30000 变化
======================================================================================================================================================
类型           24000均值      30000均值         均值变化       24000绝对均值          平均绝对变化     24000 L2         L2变化       相对变化  参数名
bias     8.47566e-04  6.17245e-04 -2.30321e-04     5.59130e-03     2.63761e-03  3.22651e-01  1.31561e-01    40.78%  crossview_transformer_blocks.5.norm3.bias
bias     1.03116e-03  6.22303e-04 -4.08861e-04     5.33277e-03     2.05615e-03  2.97414e-01  1.08496e-01    36.48%  crossview_transformer_blocks.5.norm_in.bias
bias     2.73183e-03  2.83948e-03  1.07655e-04     1.12118e-02     3.45335e-03  5.74199e-01  1.59143e-01    27.72%  crossview_transformer_blocks.3.norm3.bias
bias     1.04623e-03  6.84971e-04 -3.61258e-04     7.97696e-03     2.06846e-03  4.20572e-01  1.12316e-01    26.71%  crossview_transformer_blocks.2.norm_in.bias
bias     3.87365e-04 -1.48859e-04 -5.36224e-04     7.21397e-03     1.70894e-03  3.79108e-01  9.26254e-02    24.43%  crossview_transformer_blocks.1.norm_in.bias
bias    -6.70642e-04 -1.02658e-03 -3.55935e-04     3.77293e-03     7.78909e-04  2.01496e-01  4.87827e-02    24.21%  crossview_transformer_blocks.1.norm1.bias
bias    -6.12392e-04 -8.30135e-04 -2.17743e-04     1.07663e-02     2.53502e-03  5.43461e-01  1.23800e-01    22.78%  crossview_transformer_blocks.0.norm_in.bias
bias    -4.34195e-04 -5.09417e-04 -7.52218e-05     7.32868e-03     1.30499e-03  4.00174e-01  7.21062e-02    18.02%  crossview_transformer_blocks.0.norm3.bias
bias    -7.03789e-05 -2.71659e-04 -2.01280e-04     3.62206e-03     6.25984e-04  1.98605e-01  3.56433e-02    17.95%  crossview_transformer_blocks.2.norm1.bias
bias     2.96341e-03  2.53200e-03 -4.31403e-04     1.02624e-02     1.33466e-03  5.34183e-01  7.49855e-02    14.04%  crossview_transformer_blocks.3.norm_in.bias
bias     7.85489e-04  6.24674e-04 -1.60814e-04     9.13911e-03     1.13480e-03  4.59763e-01  6.16353e-02    13.41%  crossview_transformer_blocks.1.norm3.bias
bias    -1.41261e-03 -1.75535e-03 -3.42737e-04     1.29222e-02     1.60306e-03  6.19445e-01  8.19400e-02    13.23%  crossview_transformer_blocks.0.norm1.bias
bias     2.43556e-03  2.06891e-03 -3.66654e-04     9.76906e-03     1.13493e-03  4.96214e-01  6.37606e-02    12.85%  crossview_transformer_blocks.4.norm_in.bias
bias     2.03511e-03  1.90946e-03 -1.25652e-04     9.25834e-03     7.17667e-04  6.47489e-01  7.94171e-02    12.27%  crossview_transformer_blocks.3.norm1.bias
bias     1.55308e-03  1.49388e-03 -5.91956e-05     1.09247e-02     1.16159e-03  8.20087e-01  8.25148e-02    10.06%  crossview_transformer_blocks.5.norm1.bias
bias     2.24677e-03  2.09172e-03 -1.55058e-04     1.02132e-02     9.35132e-04  5.19413e-01  4.92184e-02     9.48%  crossview_transformer_blocks.4.norm3.bias
bias     2.73842e-03  2.49025e-03 -2.48174e-04     1.26386e-02     6.99857e-04  8.83284e-01  7.84437e-02     8.88%  crossview_transformer_blocks.4.norm1.bias
bias     1.26606e-03  1.16410e-03 -1.01960e-04     8.71090e-03     5.99422e-04  4.41939e-01  3.22823e-02     7.30%  crossview_transformer_blocks.2.norm3.bias
weight   1.01126e+00  1.02470e+00  1.34440e-02     1.01126e+00     1.38894e-02  3.96379e+01  6.20790e-01     1.57%  crossview_transformer_blocks.5.norm3.weight
weight   1.00009e+00  1.01035e+00  1.02636e-02     1.00009e+00     1.10440e-02  3.91988e+01  5.36347e-01     1.37%  crossview_transformer_blocks.3.norm3.weight
weight   1.01144e+00  1.02226e+00  1.08232e-02     1.01144e+00     1.13052e-02  3.96444e+01  5.13560e-01     1.30%  crossview_transformer_blocks.5.norm_in.weight
weight   1.01120e+00  1.01592e+00  4.71887e-03     1.01120e+00     8.26532e-03  3.96419e+01  4.17814e-01     1.05%  crossview_transformer_blocks.2.norm_in.weight
weight   9.96416e-01  1.00197e+00  5.55387e-03     9.96416e-01     6.33747e-03  3.90612e+01  3.13683e-01     0.80%  crossview_transformer_blocks.5.norm1.weight
weight   1.00896e+00  1.00814e+00 -8.16180e-04     1.00896e+00     4.75046e-03  3.95680e+01  3.09267e-01     0.78%  crossview_transformer_blocks.0.norm_in.weight
weight   1.00682e+00  1.00825e+00  1.42605e-03     1.00682e+00     4.81291e-03  3.94701e+01  2.63459e-01     0.67%  crossview_transformer_blocks.1.norm_in.weight
weight   1.01796e+00  1.02079e+00  2.83576e-03     1.01796e+00     4.76784e-03  3.99049e+01  2.57226e-01     0.64%  crossview_transformer_blocks.3.norm1.weight
weight   9.94085e-01  9.96545e-01  2.45980e-03     9.94085e-01     4.70628e-03  3.89628e+01  2.50970e-01     0.64%  crossview_transformer_blocks.3.norm_in.weight
weight   1.03391e+00  1.03569e+00  1.78102e-03     1.03391e+00     4.43450e-03  4.05320e+01  2.50290e-01     0.62%  crossview_transformer_blocks.2.norm1.weight
weight   1.01124e+00  1.01239e+00  1.14614e-03     1.01124e+00     4.32778e-03  3.96410e+01  2.32580e-01     0.59%  crossview_transformer_blocks.2.norm3.weight
weight   1.00640e+00  1.00325e+00 -3.15341e-03     1.00640e+00     3.78202e-03  3.94537e+01  2.04437e-01     0.52%  crossview_transformer_blocks.0.norm1.weight
weight   1.00812e+00  1.00572e+00 -2.40753e-03     1.00812e+00     3.63895e-03  3.95232e+01  2.04334e-01     0.52%  crossview_transformer_blocks.0.norm3.weight
weight   1.01380e+00  1.01278e+00 -1.01598e-03     1.01380e+00     3.28887e-03  3.97416e+01  2.01400e-01     0.51%  crossview_transformer_blocks.1.norm1.weight
weight   1.00592e+00  1.00494e+00 -9.88641e-04     1.00592e+00     3.42030e-03  3.94339e+01  1.89950e-01     0.48%  crossview_transformer_blocks.1.norm3.weight
weight   1.00807e+00  1.00713e+00 -9.38017e-04     1.00807e+00     3.22506e-03  3.95184e+01  1.73509e-01     0.44%  crossview_transformer_blocks.4.norm1.weight
weight   9.95434e-01  9.95027e-01 -4.07486e-04     9.95434e-01     2.29410e-03  3.90153e+01  1.18627e-01     0.30%  crossview_transformer_blocks.4.norm3.weight
weight   9.91341e-01  9.92326e-01  9.85199e-04     9.91341e-01     1.78143e-03  3.88539e+01  1.17799e-01     0.30%  crossview_transformer_blocks.4.norm_in.weight

参数数量：36
详细结果：/inspire/qb-ilm/project/advanced-machine-learning/yanjunchi-24040/camsim_lyh/crossview_norm_detailed_24000_vs_30000.csv
