device: NVIDIA H200
target memory GB: 8.0
matmul_size: 8192
step=0, value=0.006285, allocated=8.41GB, reserved=8.66GB
step=10, value=0.006285, allocated=8.41GB, reserved=8.91GB
step=20, value=0.006285, allocated=8.41GB, reserved=8.91GB
step=30, value=0.006285, allocated=8.41GB, reserved=8.91GB
step=40, value=0.006285, allocated=8.41GB, reserved=8.91GB
step=50, value=0.006285, allocated=8.41GB, reserved=8.91GB
step=60, value=0.006285, allocated=8.41GB, reserved=8.91GB
step=70, value=0.006285, allocated=8.41GB, reserved=8.91GB
step=80, value=0.006285, allocated=8.41GB, reserved=8.91GB
step=90, value=0.006285, allocated=8.41GB, reserved=8.91GB
step=100, value=0.006285, allocated=8.41GB, reserved=8.91GB
step=110, value=0.006285, allocated=8.41GB, reserved=8.91GB
step=120, value=0.006285, allocated=8.41GB, reserved=8.91GB
step=130, value=0.006285, allocated=8.41GB, reserved=8.91GB
step=140, value=0.006285, allocated=8.41GB, reserved=8.91GB
step=150, value=0.006285, allocated=8.41GB, reserved=8.91GB
step=160, value=0.006285, allocated=8.41GB, reserved=8.91GB
step=170, value=0.006285, allocated=8.41GB, reserved=8.91GB
step=180, value=0.006285, allocated=8.41GB, reserved=8.91GB
step=190, value=0.006285, allocated=8.41GB, reserved=8.91GB
step=200, value=0.006285, allocated=8.41GB, reserved=8.91GB
step=210, value=0.006285, allocated=8.41GB, reserved=8.91GB
step=220, value=0.006285, allocated=8.41GB, reserved=8.91GB
step=230, value=0.006285, allocated=8.41GB, reserved=8.91GB
step=240, value=0.006285, allocated=8.41GB, reserved=8.91GB
step=250, value=0.006285, allocated=8.41GB, reserved=8.91GB
step=260, value=0.006285, allocated=8.41GB, reserved=8.91GB
step=270, value=0.006285, allocated=8.41GB, reserved=8.91GB
step=280, value=0.006285, allocated=8.41GB, reserved=8.91GB
step=290, value=0.006285, allocated=8.41GB, reserved=8.91GB
step=300, value=0.006285, allocated=8.41GB, reserved=8.91GB
step=310, value=0.006285, allocated=8.41GB, reserved=8.91GB
step=320, value=0.006285, allocated=8.41GB, reserved=8.91GB
step=330, value=0.006285, allocated=8.41GB, reserved=8.91GB
step=340, value=0.006285, allocated=8.41GB, reserved=8.91GB
step=350, value=0.006285, allocated=8.41GB, reserved=8.91GB
step=360, value=0.006285, allocated=8.41GB, reserved=8.91GB
step=370, value=0.006285, allocated=8.41GB, reserved=8.91GB
step=380, value=0.006285, allocated=8.41GB, reserved=8.91GB
step=390, value=0.006285, allocated=8.41GB, reserved=8.91GB
step=400, value=0.006285, allocated=8.41GB, reserved=8.91GB
step=410, value=0.006285, allocated=8.41GB, reserved=8.91GB
step=420, value=0.006285, allocated=8.41GB, reserved=8.91GB
step=430, value=0.006285, allocated=8.41GB, reserved=8.91GB
step=440, value=0.006285, allocated=8.41GB, reserved=8.91GB
step=450, value=0.006285, allocated=8.41GB, reserved=8.91GB
step=460, value=0.006285, allocated=8.41GB, reserved=8.91GB
step=470, value=0.006285, allocated=8.41GB, reserved=8.91GB
step=480, value=0.006285, allocated=8.41GB, reserved=8.91GB
step=490, value=0.006285, allocated=8.41GB, reserved=8.91GB
step=500, value=0.006285, allocated=8.41GB, reserved=8.91GB
step=510, value=0.006285, allocated=8.41GB, reserved=8.91GB
step=520, value=0.006285, allocated=8.41GB, reserved=8.91GB
step=530, value=0.006285, allocated=8.41GB, reserved=8.91GB
step=540, value=0.006285, allocated=8.41GB, reserved=8.91GB
step=550, value=0.006285, allocated=8.41GB, reserved=8.91GB
step=560, value=0.006285, allocated=8.41GB, reserved=8.91GB
step=570, value=0.006285, allocated=8.41GB, reserved=8.91GB
step=580, value=0.006285, allocated=8.41GB, reserved=8.91GB
step=590, value=0.006285, allocated=8.41GB, reserved=8.91GB
step=600, value=0.006285, allocated=8.41GB, reserved=8.91GB
step=610, value=0.006285, allocated=8.41GB, reserved=8.91GB
step=620, value=0.006285, allocated=8.41GB, reserved=8.91GB
step=630, value=0.006285, allocated=8.41GB, reserved=8.91GB
step=640, value=0.006285, allocated=8.41GB, reserved=8.91GB
step=650, value=0.006285, allocated=8.41GB, reserved=8.91GB
step=660, value=0.006285, allocated=8.41GB, reserved=8.91GB
step=670, value=0.006285, allocated=8.41GB, reserved=8.91GB
step=680, value=0.006285, allocated=8.41GB, reserved=8.91GB
step=690, value=0.006285, allocated=8.41GB, reserved=8.91GB
step=700, value=0.006285, allocated=8.41GB, reserved=8.91GB
step=710, value=0.006285, allocated=8.41GB, reserved=8.91GB
step=720, value=0.006285, allocated=8.41GB, reserved=8.91GB
step=730, value=0.006285, allocated=8.41GB, reserved=8.91GB
step=740, value=0.006285, allocated=8.41GB, reserved=8.91GB
step=750, value=0.006285, allocated=8.41GB, reserved=8.91GB
step=760, value=0.006285, allocated=8.41GB, reserved=8.91GB
step=770, value=0.006285, allocated=8.41GB, reserved=8.91GB
step=780, value=0.006285, allocated=8.41GB, reserved=8.91GB
step=790, value=0.006285, allocated=8.41GB, reserved=8.91GB
step=800, value=0.006285, allocated=8.41GB, reserved=8.91GB
step=810, value=0.006285, allocated=8.41GB, reserved=8.91GB
step=820, value=0.006285, allocated=8.41GB, reserved=8.91GB
step=830, value=0.006285, allocated=8.41GB, reserved=8.91GB
step=840, value=0.006285, allocated=8.41GB, reserved=8.91GB
step=850, value=0.006285, allocated=8.41GB, reserved=8.91GB
step=860, value=0.006285, allocated=8.41GB, reserved=8.91GB
step=870, value=0.006285, allocated=8.41GB, reserved=8.91GB
step=880, value=0.006285, allocated=8.41GB, reserved=8.91GB
step=890, value=0.006285, allocated=8.41GB, reserved=8.91GB
step=900, value=0.006285, allocated=8.41GB, reserved=8.91GB
step=910, value=0.006285, allocated=8.41GB, reserved=8.91GB
step=920, value=0.006285, allocated=8.41GB, reserved=8.91GB
step=930, value=0.006285, allocated=8.41GB, reserved=8.91GB
step=940, value=0.006285, allocated=8.41GB, reserved=8.91GB
step=950, value=0.006285, allocated=8.41GB, reserved=8.91GB
step=960, value=0.006285, allocated=8.41GB, reserved=8.91GB
step=970, value=0.006285, allocated=8.41GB, reserved=8.91GB
step=980, value=0.006285, allocated=8.41GB, reserved=8.91GB
step=990, value=0.006285, allocated=8.41GB, reserved=8.91GB
step=1000, value=0.006285, allocated=8.41GB, reserved=8.91GB
step=1010, value=0.006285, allocated=8.41GB, reserved=8.91GB
step=1020, value=0.006285, allocated=8.41GB, reserved=8.91GB
step=1030, value=0.006285, allocated=8.41GB, reserved=8.91GB
step=1040, value=0.006285, allocated=8.41GB, reserved=8.91GB
step=1050, value=0.006285, allocated=8.41GB, reserved=8.91GB
step=1060, value=0.006285, allocated=8.41GB, reserved=8.91GB
step=1070, value=0.006285, allocated=8.41GB, reserved=8.91GB
step=1080, value=0.006285, allocated=8.41GB, reserved=8.91GB
step=1090, value=0.006285, allocated=8.41GB, reserved=8.91GB
step=1100, value=0.006285, allocated=8.41GB, reserved=8.91GB
step=1110, value=0.006285, allocated=8.41GB, reserved=8.91GB
step=1120, value=0.006285, allocated=8.41GB, reserved=8.91GB
step=1130, value=0.006285, allocated=8.41GB, reserved=8.91GB
step=1140, value=0.006285, allocated=8.41GB, reserved=8.91GB
step=1150, value=0.006285, allocated=8.41GB, reserved=8.91GB
step=1160, value=0.006285, allocated=8.41GB, reserved=8.91GB
step=1170, value=0.006285, allocated=8.41GB, reserved=8.91GB
step=1180, value=0.006285, allocated=8.41GB, reserved=8.91GB
step=1190, value=0.006285, allocated=8.41GB, reserved=8.91GB
step=1200, value=0.006285, allocated=8.41GB, reserved=8.91GB
step=1210, value=0.006285, allocated=8.41GB, reserved=8.91GB
step=1220, value=0.006285, allocated=8.41GB, reserved=8.91GB
step=1230, value=0.006285, allocated=8.41GB, reserved=8.91GB
step=1240, value=0.006285, allocated=8.41GB, reserved=8.91GB
step=1250, value=0.006285, allocated=8.41GB, reserved=8.91GB
step=1260, value=0.006285, allocated=8.41GB, reserved=8.91GB
step=1270, value=0.006285, allocated=8.41GB, reserved=8.91GB
step=1280, value=0.006285, allocated=8.41GB, reserved=8.91GB
step=1290, value=0.006285, allocated=8.41GB, reserved=8.91GB
step=1300, value=0.006285, allocated=8.41GB, reserved=8.91GB
step=1310, value=0.006285, allocated=8.41GB, reserved=8.91GB
step=1320, value=0.006285, allocated=8.41GB, reserved=8.91GB
step=1330, value=0.006285, allocated=8.41GB, reserved=8.91GB
step=1340, value=0.006285, allocated=8.41GB, reserved=8.91GB
step=1350, value=0.006285, allocated=8.41GB, reserved=8.91GB
step=1360, value=0.006285, allocated=8.41GB, reserved=8.91GB
step=1370, value=0.006285, allocated=8.41GB, reserved=8.91GB
step=1380, value=0.006285, allocated=8.41GB, reserved=8.91GB
step=1390, value=0.006285, allocated=8.41GB, reserved=8.91GB
step=1400, value=0.006285, allocated=8.41GB, reserved=8.91GB
step=1410, value=0.006285, allocated=8.41GB, reserved=8.91GB
step=1420, value=0.006285, allocated=8.41GB, reserved=8.91GB
step=1430, value=0.006285, allocated=8.41GB, reserved=8.91GB
step=1440, value=0.006285, allocated=8.41GB, reserved=8.91GB
step=1450, value=0.006285, allocated=8.41GB, reserved=8.91GB
step=1460, value=0.006285, allocated=8.41GB, reserved=8.91GB
step=1470, value=0.006285, allocated=8.41GB, reserved=8.91GB
step=1480, value=0.006285, allocated=8.41GB, reserved=8.91GB
step=1490, value=0.006285, allocated=8.41GB, reserved=8.91GB
step=1500, value=0.006285, allocated=8.41GB, reserved=8.91GB
step=1510, value=0.006285, allocated=8.41GB, reserved=8.91GB
step=1520, value=0.006285, allocated=8.41GB, reserved=8.91GB
step=1530, value=0.006285, allocated=8.41GB, reserved=8.91GB
step=1540, value=0.006285, allocated=8.41GB, reserved=8.91GB
step=1550, value=0.006285, allocated=8.41GB, reserved=8.91GB
step=1560, value=0.006285, allocated=8.41GB, reserved=8.91GB
step=1570, value=0.006285, allocated=8.41GB, reserved=8.91GB
step=1580, value=0.006285, allocated=8.41GB, reserved=8.91GB
step=1590, value=0.006285, allocated=8.41GB, reserved=8.91GB
step=1600, value=0.006285, allocated=8.41GB, reserved=8.91GB
step=1610, value=0.006285, allocated=8.41GB, reserved=8.91GB
step=1620, value=0.006285, allocated=8.41GB, reserved=8.91GB
step=1630, value=0.006285, allocated=8.41GB, reserved=8.91GB
step=1640, value=0.006285, allocated=8.41GB, reserved=8.91GB
step=1650, value=0.006285, allocated=8.41GB, reserved=8.91GB
step=1660, value=0.006285, allocated=8.41GB, reserved=8.91GB
step=1670, value=0.006285, allocated=8.41GB, reserved=8.91GB
step=1680, value=0.006285, allocated=8.41GB, reserved=8.91GB
step=1690, value=0.006285, allocated=8.41GB, reserved=8.91GB
step=1700, value=0.006285, allocated=8.41GB, reserved=8.91GB
step=1710, value=0.006285, allocated=8.41GB, reserved=8.91GB
step=1720, value=0.006285, allocated=8.41GB, reserved=8.91GB
step=1730, value=0.006285, allocated=8.41GB, reserved=8.91GB
step=1740, value=0.006285, allocated=8.41GB, reserved=8.91GB
step=1750, value=0.006285, allocated=8.41GB, reserved=8.91GB
step=1760, value=0.006285, allocated=8.41GB, reserved=8.91GB
step=1770, value=0.006285, allocated=8.41GB, reserved=8.91GB
step=1780, value=0.006285, allocated=8.41GB, reserved=8.91GB
step=1790, value=0.006285, allocated=8.41GB, reserved=8.91GB
step=1800, value=0.006285, allocated=8.41GB, reserved=8.91GB
step=1810, value=0.006285, allocated=8.41GB, reserved=8.91GB
step=1820, value=0.006285, allocated=8.41GB, reserved=8.91GB
step=1830, value=0.006285, allocated=8.41GB, reserved=8.91GB
step=1840, value=0.006285, allocated=8.41GB, reserved=8.91GB
step=1850, value=0.006285, allocated=8.41GB, reserved=8.91GB
step=1860, value=0.006285, allocated=8.41GB, reserved=8.91GB
step=1870, value=0.006285, allocated=8.41GB, reserved=8.91GB
step=1880, value=0.006285, allocated=8.41GB, reserved=8.91GB
step=1890, value=0.006285, allocated=8.41GB, reserved=8.91GB
step=1900, value=0.006285, allocated=8.41GB, reserved=8.91GB
step=1910, value=0.006285, allocated=8.41GB, reserved=8.91GB
step=1920, value=0.006285, allocated=8.41GB, reserved=8.91GB
step=1930, value=0.006285, allocated=8.41GB, reserved=8.91GB
step=1940, value=0.006285, allocated=8.41GB, reserved=8.91GB
step=1950, value=0.006285, allocated=8.41GB, reserved=8.91GB
step=1960, value=0.006285, allocated=8.41GB, reserved=8.91GB
step=1970, value=0.006285, allocated=8.41GB, reserved=8.91GB
step=1980, value=0.006285, allocated=8.41GB, reserved=8.91GB
step=1990, value=0.006285, allocated=8.41GB, reserved=8.91GB
step=2000, value=0.006285, allocated=8.41GB, reserved=8.91GB
step=2010, value=0.006285, allocated=8.41GB, reserved=8.91GB
step=2020, value=0.006285, allocated=8.41GB, reserved=8.91GB
step=2030, value=0.006285, allocated=8.41GB, reserved=8.91GB
step=2040, value=0.006285, allocated=8.41GB, reserved=8.91GB
step=2050, value=0.006285, allocated=8.41GB, reserved=8.91GB
step=2060, value=0.006285, allocated=8.41GB, reserved=8.91GB
step=2070, value=0.006285, allocated=8.41GB, reserved=8.91GB
step=2080, value=0.006285, allocated=8.41GB, reserved=8.91GB
step=2090, value=0.006285, allocated=8.41GB, reserved=8.91GB
step=2100, value=0.006285, allocated=8.41GB, reserved=8.91GB
step=2110, value=0.006285, allocated=8.41GB, reserved=8.91GB
step=2120, value=0.006285, allocated=8.41GB, reserved=8.91GB
step=2130, value=0.006285, allocated=8.41GB, reserved=8.91GB
step=2140, value=0.006285, allocated=8.41GB, reserved=8.91GB
step=2150, value=0.006285, allocated=8.41GB, reserved=8.91GB
step=2160, value=0.006285, allocated=8.41GB, reserved=8.91GB
step=2170, value=0.006285, allocated=8.41GB, reserved=8.91GB
step=2180, value=0.006285, allocated=8.41GB, reserved=8.91GB
step=2190, value=0.006285, allocated=8.41GB, reserved=8.91GB
step=2200, value=0.006285, allocated=8.41GB, reserved=8.91GB
step=2210, value=0.006285, allocated=8.41GB, reserved=8.91GB
step=2220, value=0.006285, allocated=8.41GB, reserved=8.91GB
step=2230, value=0.006285, allocated=8.41GB, reserved=8.91GB
step=2240, value=0.006285, allocated=8.41GB, reserved=8.91GB
step=2250, value=0.006285, allocated=8.41GB, reserved=8.91GB
step=2260, value=0.006285, allocated=8.41GB, reserved=8.91GB
step=2270, value=0.006285, allocated=8.41GB, reserved=8.91GB
step=2280, value=0.006285, allocated=8.41GB, reserved=8.91GB
step=2290, value=0.006285, allocated=8.41GB, reserved=8.91GB
step=2300, value=0.006285, allocated=8.41GB, reserved=8.91GB
step=2310, value=0.006285, allocated=8.41GB, reserved=8.91GB
step=2320, value=0.006285, allocated=8.41GB, reserved=8.91GB
step=2330, value=0.006285, allocated=8.41GB, reserved=8.91GB
step=2340, value=0.006285, allocated=8.41GB, reserved=8.91GB
step=2350, value=0.006285, allocated=8.41GB, reserved=8.91GB
step=2360, value=0.006285, allocated=8.41GB, reserved=8.91GB
step=2370, value=0.006285, allocated=8.41GB, reserved=8.91GB
step=2380, value=0.006285, allocated=8.41GB, reserved=8.91GB
step=2390, value=0.006285, allocated=8.41GB, reserved=8.91GB
step=2400, value=0.006285, allocated=8.41GB, reserved=8.91GB
step=2410, value=0.006285, allocated=8.41GB, reserved=8.91GB
step=2420, value=0.006285, allocated=8.41GB, reserved=8.91GB
step=2430, value=0.006285, allocated=8.41GB, reserved=8.91GB
step=2440, value=0.006285, allocated=8.41GB, reserved=8.91GB
step=2450, value=0.006285, allocated=8.41GB, reserved=8.91GB
step=2460, value=0.006285, allocated=8.41GB, reserved=8.91GB
step=2470, value=0.006285, allocated=8.41GB, reserved=8.91GB
step=2480, value=0.006285, allocated=8.41GB, reserved=8.91GB
step=2490, value=0.006285, allocated=8.41GB, reserved=8.91GB
step=2500, value=0.006285, allocated=8.41GB, reserved=8.91GB
step=2510, value=0.006285, allocated=8.41GB, reserved=8.91GB
step=2520, value=0.006285, allocated=8.41GB, reserved=8.91GB
step=2530, value=0.006285, allocated=8.41GB, reserved=8.91GB
step=2540, value=0.006285, allocated=8.41GB, reserved=8.91GB
step=2550, value=0.006285, allocated=8.41GB, reserved=8.91GB
step=2560, value=0.006285, allocated=8.41GB, reserved=8.91GB
step=2570, value=0.006285, allocated=8.41GB, reserved=8.91GB
step=2580, value=0.006285, allocated=8.41GB, reserved=8.91GB
step=2590, value=0.006285, allocated=8.41GB, reserved=8.91GB
step=2600, value=0.006285, allocated=8.41GB, reserved=8.91GB
step=2610, value=0.006285, allocated=8.41GB, reserved=8.91GB
step=2620, value=0.006285, allocated=8.41GB, reserved=8.91GB
step=2630, value=0.006285, allocated=8.41GB, reserved=8.91GB
step=2640, value=0.006285, allocated=8.41GB, reserved=8.91GB
step=2650, value=0.006285, allocated=8.41GB, reserved=8.91GB
step=2660, value=0.006285, allocated=8.41GB, reserved=8.91GB
step=2670, value=0.006285, allocated=8.41GB, reserved=8.91GB
step=2680, value=0.006285, allocated=8.41GB, reserved=8.91GB
step=2690, value=0.006285, allocated=8.41GB, reserved=8.91GB
step=2700, value=0.006285, allocated=8.41GB, reserved=8.91GB
step=2710, value=0.006285, allocated=8.41GB, reserved=8.91GB
step=2720, value=0.006285, allocated=8.41GB, reserved=8.91GB
step=2730, value=0.006285, allocated=8.41GB, reserved=8.91GB
step=2740, value=0.006285, allocated=8.41GB, reserved=8.91GB
step=2750, value=0.006285, allocated=8.41GB, reserved=8.91GB
step=2760, value=0.006285, allocated=8.41GB, reserved=8.91GB
step=2770, value=0.006285, allocated=8.41GB, reserved=8.91GB
step=2780, value=0.006285, allocated=8.41GB, reserved=8.91GB
step=2790, value=0.006285, allocated=8.41GB, reserved=8.91GB
step=2800, value=0.006285, allocated=8.41GB, reserved=8.91GB
step=2810, value=0.006285, allocated=8.41GB, reserved=8.91GB
step=2820, value=0.006285, allocated=8.41GB, reserved=8.91GB
step=2830, value=0.006285, allocated=8.41GB, reserved=8.91GB
step=2840, value=0.006285, allocated=8.41GB, reserved=8.91GB
step=2850, value=0.006285, allocated=8.41GB, reserved=8.91GB
step=2860, value=0.006285, allocated=8.41GB, reserved=8.91GB
step=2870, value=0.006285, allocated=8.41GB, reserved=8.91GB
step=2880, value=0.006285, allocated=8.41GB, reserved=8.91GB
step=2890, value=0.006285, allocated=8.41GB, reserved=8.91GB
step=2900, value=0.006285, allocated=8.41GB, reserved=8.91GB
step=2910, value=0.006285, allocated=8.41GB, reserved=8.91GB
step=2920, value=0.006285, allocated=8.41GB, reserved=8.91GB
step=2930, value=0.006285, allocated=8.41GB, reserved=8.91GB
step=2940, value=0.006285, allocated=8.41GB, reserved=8.91GB
step=2950, value=0.006285, allocated=8.41GB, reserved=8.91GB
step=2960, value=0.006285, allocated=8.41GB, reserved=8.91GB
step=2970, value=0.006285, allocated=8.41GB, reserved=8.91GB
step=2980, value=0.006285, allocated=8.41GB, reserved=8.91GB
step=2990, value=0.006285, allocated=8.41GB, reserved=8.91GB
step=3000, value=0.006285, allocated=8.41GB, reserved=8.91GB
step=3010, value=0.006285, allocated=8.41GB, reserved=8.91GB
step=3020, value=0.006285, allocated=8.41GB, reserved=8.91GB
step=3030, value=0.006285, allocated=8.41GB, reserved=8.91GB
step=3040, value=0.006285, allocated=8.41GB, reserved=8.91GB
step=3050, value=0.006285, allocated=8.41GB, reserved=8.91GB
step=3060, value=0.006285, allocated=8.41GB, reserved=8.91GB
step=3070, value=0.006285, allocated=8.41GB, reserved=8.91GB
step=3080, value=0.006285, allocated=8.41GB, reserved=8.91GB
step=3090, value=0.006285, allocated=8.41GB, reserved=8.91GB
step=3100, value=0.006285, allocated=8.41GB, reserved=8.91GB
step=3110, value=0.006285, allocated=8.41GB, reserved=8.91GB
step=3120, value=0.006285, allocated=8.41GB, reserved=8.91GB
step=3130, value=0.006285, allocated=8.41GB, reserved=8.91GB
step=3140, value=0.006285, allocated=8.41GB, reserved=8.91GB
step=3150, value=0.006285, allocated=8.41GB, reserved=8.91GB
step=3160, value=0.006285, allocated=8.41GB, reserved=8.91GB
step=3170, value=0.006285, allocated=8.41GB, reserved=8.91GB
step=3180, value=0.006285, allocated=8.41GB, reserved=8.91GB
step=3190, value=0.006285, allocated=8.41GB, reserved=8.91GB
step=3200, value=0.006285, allocated=8.41GB, reserved=8.91GB
step=3210, value=0.006285, allocated=8.41GB, reserved=8.91GB
step=3220, value=0.006285, allocated=8.41GB, reserved=8.91GB
step=3230, value=0.006285, allocated=8.41GB, reserved=8.91GB
step=3240, value=0.006285, allocated=8.41GB, reserved=8.91GB
step=3250, value=0.006285, allocated=8.41GB, reserved=8.91GB
step=3260, value=0.006285, allocated=8.41GB, reserved=8.91GB
step=3270, value=0.006285, allocated=8.41GB, reserved=8.91GB
step=3280, value=0.006285, allocated=8.41GB, reserved=8.91GB
step=3290, value=0.006285, allocated=8.41GB, reserved=8.91GB
step=3300, value=0.006285, allocated=8.41GB, reserved=8.91GB
step=3310, value=0.006285, allocated=8.41GB, reserved=8.91GB
step=3320, value=0.006285, allocated=8.41GB, reserved=8.91GB
step=3330, value=0.006285, allocated=8.41GB, reserved=8.91GB
step=3340, value=0.006285, allocated=8.41GB, reserved=8.91GB
step=3350, value=0.006285, allocated=8.41GB, reserved=8.91GB
step=3360, value=0.006285, allocated=8.41GB, reserved=8.91GB
step=3370, value=0.006285, allocated=8.41GB, reserved=8.91GB
step=3380, value=0.006285, allocated=8.41GB, reserved=8.91GB
step=3390, value=0.006285, allocated=8.41GB, reserved=8.91GB
step=3400, value=0.006285, allocated=8.41GB, reserved=8.91GB
step=3410, value=0.006285, allocated=8.41GB, reserved=8.91GB
step=3420, value=0.006285, allocated=8.41GB, reserved=8.91GB
step=3430, value=0.006285, allocated=8.41GB, reserved=8.91GB
step=3440, value=0.006285, allocated=8.41GB, reserved=8.91GB
step=3450, value=0.006285, allocated=8.41GB, reserved=8.91GB
step=3460, value=0.006285, allocated=8.41GB, reserved=8.91GB
step=3470, value=0.006285, allocated=8.41GB, reserved=8.91GB
step=3480, value=0.006285, allocated=8.41GB, reserved=8.91GB
step=3490, value=0.006285, allocated=8.41GB, reserved=8.91GB
step=3500, value=0.006285, allocated=8.41GB, reserved=8.91GB
step=3510, value=0.006285, allocated=8.41GB, reserved=8.91GB
step=3520, value=0.006285, allocated=8.41GB, reserved=8.91GB
step=3530, value=0.006285, allocated=8.41GB, reserved=8.91GB
step=3540, value=0.006285, allocated=8.41GB, reserved=8.91GB
step=3550, value=0.006285, allocated=8.41GB, reserved=8.91GB
step=3560, value=0.006285, allocated=8.41GB, reserved=8.91GB
step=3570, value=0.006285, allocated=8.41GB, reserved=8.91GB
step=3580, value=0.006285, allocated=8.41GB, reserved=8.91GB
step=3590, value=0.006285, allocated=8.41GB, reserved=8.91GB
step=3600, value=0.006285, allocated=8.41GB, reserved=8.91GB
step=3610, value=0.006285, allocated=8.41GB, reserved=8.91GB
step=3620, value=0.006285, allocated=8.41GB, reserved=8.91GB
step=3630, value=0.006285, allocated=8.41GB, reserved=8.91GB
step=3640, value=0.006285, allocated=8.41GB, reserved=8.91GB
step=3650, value=0.006285, allocated=8.41GB, reserved=8.91GB
step=3660, value=0.006285, allocated=8.41GB, reserved=8.91GB
step=3670, value=0.006285, allocated=8.41GB, reserved=8.91GB
step=3680, value=0.006285, allocated=8.41GB, reserved=8.91GB
step=3690, value=0.006285, allocated=8.41GB, reserved=8.91GB
step=3700, value=0.006285, allocated=8.41GB, reserved=8.91GB
step=3710, value=0.006285, allocated=8.41GB, reserved=8.91GB
step=3720, value=0.006285, allocated=8.41GB, reserved=8.91GB
step=3730, value=0.006285, allocated=8.41GB, reserved=8.91GB
step=3740, value=0.006285, allocated=8.41GB, reserved=8.91GB
step=3750, value=0.006285, allocated=8.41GB, reserved=8.91GB
step=3760, value=0.006285, allocated=8.41GB, reserved=8.91GB
step=3770, value=0.006285, allocated=8.41GB, reserved=8.91GB
step=3780, value=0.006285, allocated=8.41GB, reserved=8.91GB
step=3790, value=0.006285, allocated=8.41GB, reserved=8.91GB
step=3800, value=0.006285, allocated=8.41GB, reserved=8.91GB
step=3810, value=0.006285, allocated=8.41GB, reserved=8.91GB
step=3820, value=0.006285, allocated=8.41GB, reserved=8.91GB
step=3830, value=0.006285, allocated=8.41GB, reserved=8.91GB
step=3840, value=0.006285, allocated=8.41GB, reserved=8.91GB
step=3850, value=0.006285, allocated=8.41GB, reserved=8.91GB
step=3860, value=0.006285, allocated=8.41GB, reserved=8.91GB
step=3870, value=0.006285, allocated=8.41GB, reserved=8.91GB
step=3880, value=0.006285, allocated=8.41GB, reserved=8.91GB
step=3890, value=0.006285, allocated=8.41GB, reserved=8.91GB
step=3900, value=0.006285, allocated=8.41GB, reserved=8.91GB
step=3910, value=0.006285, allocated=8.41GB, reserved=8.91GB
step=3920, value=0.006285, allocated=8.41GB, reserved=8.91GB
step=3930, value=0.006285, allocated=8.41GB, reserved=8.91GB
step=3940, value=0.006285, allocated=8.41GB, reserved=8.91GB
step=3950, value=0.006285, allocated=8.41GB, reserved=8.91GB
step=3960, value=0.006285, allocated=8.41GB, reserved=8.91GB
step=3970, value=0.006285, allocated=8.41GB, reserved=8.91GB
step=3980, value=0.006285, allocated=8.41GB, reserved=8.91GB
step=3990, value=0.006285, allocated=8.41GB, reserved=8.91GB
step=4000, value=0.006285, allocated=8.41GB, reserved=8.91GB
step=4010, value=0.006285, allocated=8.41GB, reserved=8.91GB
step=4020, value=0.006285, allocated=8.41GB, reserved=8.91GB
step=4030, value=0.006285, allocated=8.41GB, reserved=8.91GB
step=4040, value=0.006285, allocated=8.41GB, reserved=8.91GB
step=4050, value=0.006285, allocated=8.41GB, reserved=8.91GB
step=4060, value=0.006285, allocated=8.41GB, reserved=8.91GB
step=4070, value=0.006285, allocated=8.41GB, reserved=8.91GB
step=4080, value=0.006285, allocated=8.41GB, reserved=8.91GB
step=4090, value=0.006285, allocated=8.41GB, reserved=8.91GB
step=4100, value=0.006285, allocated=8.41GB, reserved=8.91GB
step=4110, value=0.006285, allocated=8.41GB, reserved=8.91GB
step=4120, value=0.006285, allocated=8.41GB, reserved=8.91GB
step=4130, value=0.006285, allocated=8.41GB, reserved=8.91GB
step=4140, value=0.006285, allocated=8.41GB, reserved=8.91GB
step=4150, value=0.006285, allocated=8.41GB, reserved=8.91GB
step=4160, value=0.006285, allocated=8.41GB, reserved=8.91GB
step=4170, value=0.006285, allocated=8.41GB, reserved=8.91GB
step=4180, value=0.006285, allocated=8.41GB, reserved=8.91GB
step=4190, value=0.006285, allocated=8.41GB, reserved=8.91GB
step=4200, value=0.006285, allocated=8.41GB, reserved=8.91GB
step=4210, value=0.006285, allocated=8.41GB, reserved=8.91GB
step=4220, value=0.006285, allocated=8.41GB, reserved=8.91GB
step=4230, value=0.006285, allocated=8.41GB, reserved=8.91GB
step=4240, value=0.006285, allocated=8.41GB, reserved=8.91GB
step=4250, value=0.006285, allocated=8.41GB, reserved=8.91GB
step=4260, value=0.006285, allocated=8.41GB, reserved=8.91GB
step=4270, value=0.006285, allocated=8.41GB, reserved=8.91GB
step=4280, value=0.006285, allocated=8.41GB, reserved=8.91GB
step=4290, value=0.006285, allocated=8.41GB, reserved=8.91GB
step=4300, value=0.006285, allocated=8.41GB, reserved=8.91GB
step=4310, value=0.006285, allocated=8.41GB, reserved=8.91GB
step=4320, value=0.006285, allocated=8.41GB, reserved=8.91GB
step=4330, value=0.006285, allocated=8.41GB, reserved=8.91GB
step=4340, value=0.006285, allocated=8.41GB, reserved=8.91GB
step=4350, value=0.006285, allocated=8.41GB, reserved=8.91GB
step=4360, value=0.006285, allocated=8.41GB, reserved=8.91GB
step=4370, value=0.006285, allocated=8.41GB, reserved=8.91GB
step=4380, value=0.006285, allocated=8.41GB, reserved=8.91GB
step=4390, value=0.006285, allocated=8.41GB, reserved=8.91GB
step=4400, value=0.006285, allocated=8.41GB, reserved=8.91GB
step=4410, value=0.006285, allocated=8.41GB, reserved=8.91GB
step=4420, value=0.006285, allocated=8.41GB, reserved=8.91GB
step=4430, value=0.006285, allocated=8.41GB, reserved=8.91GB
step=4440, value=0.006285, allocated=8.41GB, reserved=8.91GB
step=4450, value=0.006285, allocated=8.41GB, reserved=8.91GB
step=4460, value=0.006285, allocated=8.41GB, reserved=8.91GB
step=4470, value=0.006285, allocated=8.41GB, reserved=8.91GB
step=4480, value=0.006285, allocated=8.41GB, reserved=8.91GB
step=4490, value=0.006285, allocated=8.41GB, reserved=8.91GB
step=4500, value=0.006285, allocated=8.41GB, reserved=8.91GB
step=4510, value=0.006285, allocated=8.41GB, reserved=8.91GB
step=4520, value=0.006285, allocated=8.41GB, reserved=8.91GB
step=4530, value=0.006285, allocated=8.41GB, reserved=8.91GB
step=4540, value=0.006285, allocated=8.41GB, reserved=8.91GB
step=4550, value=0.006285, allocated=8.41GB, reserved=8.91GB
step=4560, value=0.006285, allocated=8.41GB, reserved=8.91GB
step=4570, value=0.006285, allocated=8.41GB, reserved=8.91GB
step=4580, value=0.006285, allocated=8.41GB, reserved=8.91GB
step=4590, value=0.006285, allocated=8.41GB, reserved=8.91GB
step=4600, value=0.006285, allocated=8.41GB, reserved=8.91GB
step=4610, value=0.006285, allocated=8.41GB, reserved=8.91GB
step=4620, value=0.006285, allocated=8.41GB, reserved=8.91GB
step=4630, value=0.006285, allocated=8.41GB, reserved=8.91GB
step=4640, value=0.006285, allocated=8.41GB, reserved=8.91GB
step=4650, value=0.006285, allocated=8.41GB, reserved=8.91GB
step=4660, value=0.006285, allocated=8.41GB, reserved=8.91GB
step=4670, value=0.006285, allocated=8.41GB, reserved=8.91GB
step=4680, value=0.006285, allocated=8.41GB, reserved=8.91GB
step=4690, value=0.006285, allocated=8.41GB, reserved=8.91GB
step=4700, value=0.006285, allocated=8.41GB, reserved=8.91GB
step=4710, value=0.006285, allocated=8.41GB, reserved=8.91GB
step=4720, value=0.006285, allocated=8.41GB, reserved=8.91GB
step=4730, value=0.006285, allocated=8.41GB, reserved=8.91GB
step=4740, value=0.006285, allocated=8.41GB, reserved=8.91GB
step=4750, value=0.006285, allocated=8.41GB, reserved=8.91GB
step=4760, value=0.006285, allocated=8.41GB, reserved=8.91GB
step=4770, value=0.006285, allocated=8.41GB, reserved=8.91GB
step=4780, value=0.006285, allocated=8.41GB, reserved=8.91GB
step=4790, value=0.006285, allocated=8.41GB, reserved=8.91GB
step=4800, value=0.006285, allocated=8.41GB, reserved=8.91GB
step=4810, value=0.006285, allocated=8.41GB, reserved=8.91GB
step=4820, value=0.006285, allocated=8.41GB, reserved=8.91GB
step=4830, value=0.006285, allocated=8.41GB, reserved=8.91GB
step=4840, value=0.006285, allocated=8.41GB, reserved=8.91GB
step=4850, value=0.006285, allocated=8.41GB, reserved=8.91GB
step=4860, value=0.006285, allocated=8.41GB, reserved=8.91GB
step=4870, value=0.006285, allocated=8.41GB, reserved=8.91GB
step=4880, value=0.006285, allocated=8.41GB, reserved=8.91GB
step=4890, value=0.006285, allocated=8.41GB, reserved=8.91GB
step=4900, value=0.006285, allocated=8.41GB, reserved=8.91GB
step=4910, value=0.006285, allocated=8.41GB, reserved=8.91GB
step=4920, value=0.006285, allocated=8.41GB, reserved=8.91GB
step=4930, value=0.006285, allocated=8.41GB, reserved=8.91GB
step=4940, value=0.006285, allocated=8.41GB, reserved=8.91GB
step=4950, value=0.006285, allocated=8.41GB, reserved=8.91GB
step=4960, value=0.006285, allocated=8.41GB, reserved=8.91GB
step=4970, value=0.006285, allocated=8.41GB, reserved=8.91GB
step=4980, value=0.006285, allocated=8.41GB, reserved=8.91GB
step=4990, value=0.006285, allocated=8.41GB, reserved=8.91GB
step=5000, value=0.006285, allocated=8.41GB, reserved=8.91GB
step=5010, value=0.006285, allocated=8.41GB, reserved=8.91GB
step=5020, value=0.006285, allocated=8.41GB, reserved=8.91GB
step=5030, value=0.006285, allocated=8.41GB, reserved=8.91GB
step=5040, value=0.006285, allocated=8.41GB, reserved=8.91GB
step=5050, value=0.006285, allocated=8.41GB, reserved=8.91GB
step=5060, value=0.006285, allocated=8.41GB, reserved=8.91GB
step=5070, value=0.006285, allocated=8.41GB, reserved=8.91GB
step=5080, value=0.006285, allocated=8.41GB, reserved=8.91GB
step=5090, value=0.006285, allocated=8.41GB, reserved=8.91GB
step=5100, value=0.006285, allocated=8.41GB, reserved=8.91GB
step=5110, value=0.006285, allocated=8.41GB, reserved=8.91GB
step=5120, value=0.006285, allocated=8.41GB, reserved=8.91GB
step=5130, value=0.006285, allocated=8.41GB, reserved=8.91GB
step=5140, value=0.006285, allocated=8.41GB, reserved=8.91GB
step=5150, value=0.006285, allocated=8.41GB, reserved=8.91GB
step=5160, value=0.006285, allocated=8.41GB, reserved=8.91GB
step=5170, value=0.006285, allocated=8.41GB, reserved=8.91GB
step=5180, value=0.006285, allocated=8.41GB, reserved=8.91GB
step=5190, value=0.006285, allocated=8.41GB, reserved=8.91GB
step=5200, value=0.006285, allocated=8.41GB, reserved=8.91GB
step=5210, value=0.006285, allocated=8.41GB, reserved=8.91GB
step=5220, value=0.006285, allocated=8.41GB, reserved=8.91GB
step=5230, value=0.006285, allocated=8.41GB, reserved=8.91GB
step=5240, value=0.006285, allocated=8.41GB, reserved=8.91GB
step=5250, value=0.006285, allocated=8.41GB, reserved=8.91GB
step=5260, value=0.006285, allocated=8.41GB, reserved=8.91GB
step=5270, value=0.006285, allocated=8.41GB, reserved=8.91GB
step=5280, value=0.006285, allocated=8.41GB, reserved=8.91GB
step=5290, value=0.006285, allocated=8.41GB, reserved=8.91GB
step=5300, value=0.006285, allocated=8.41GB, reserved=8.91GB
step=5310, value=0.006285, allocated=8.41GB, reserved=8.91GB
step=5320, value=0.006285, allocated=8.41GB, reserved=8.91GB
step=5330, value=0.006285, allocated=8.41GB, reserved=8.91GB
step=5340, value=0.006285, allocated=8.41GB, reserved=8.91GB
step=5350, value=0.006285, allocated=8.41GB, reserved=8.91GB
step=5360, value=0.006285, allocated=8.41GB, reserved=8.91GB
step=5370, value=0.006285, allocated=8.41GB, reserved=8.91GB
step=5380, value=0.006285, allocated=8.41GB, reserved=8.91GB
step=5390, value=0.006285, allocated=8.41GB, reserved=8.91GB
step=5400, value=0.006285, allocated=8.41GB, reserved=8.91GB
step=5410, value=0.006285, allocated=8.41GB, reserved=8.91GB
step=5420, value=0.006285, allocated=8.41GB, reserved=8.91GB
step=5430, value=0.006285, allocated=8.41GB, reserved=8.91GB
step=5440, value=0.006285, allocated=8.41GB, reserved=8.91GB
step=5450, value=0.006285, allocated=8.41GB, reserved=8.91GB
step=5460, value=0.006285, allocated=8.41GB, reserved=8.91GB
step=5470, value=0.006285, allocated=8.41GB, reserved=8.91GB
step=5480, value=0.006285, allocated=8.41GB, reserved=8.91GB
step=5490, value=0.006285, allocated=8.41GB, reserved=8.91GB
step=5500, value=0.006285, allocated=8.41GB, reserved=8.91GB
step=5510, value=0.006285, allocated=8.41GB, reserved=8.91GB
step=5520, value=0.006285, allocated=8.41GB, reserved=8.91GB
step=5530, value=0.006285, allocated=8.41GB, reserved=8.91GB
step=5540, value=0.006285, allocated=8.41GB, reserved=8.91GB
step=5550, value=0.006285, allocated=8.41GB, reserved=8.91GB
step=5560, value=0.006285, allocated=8.41GB, reserved=8.91GB
step=5570, value=0.006285, allocated=8.41GB, reserved=8.91GB
step=5580, value=0.006285, allocated=8.41GB, reserved=8.91GB
step=5590, value=0.006285, allocated=8.41GB, reserved=8.91GB
step=5600, value=0.006285, allocated=8.41GB, reserved=8.91GB
step=5610, value=0.006285, allocated=8.41GB, reserved=8.91GB
step=5620, value=0.006285, allocated=8.41GB, reserved=8.91GB
step=5630, value=0.006285, allocated=8.41GB, reserved=8.91GB
step=5640, value=0.006285, allocated=8.41GB, reserved=8.91GB
step=5650, value=0.006285, allocated=8.41GB, reserved=8.91GB
step=5660, value=0.006285, allocated=8.41GB, reserved=8.91GB
step=5670, value=0.006285, allocated=8.41GB, reserved=8.91GB
step=5680, value=0.006285, allocated=8.41GB, reserved=8.91GB
step=5690, value=0.006285, allocated=8.41GB, reserved=8.91GB
step=5700, value=0.006285, allocated=8.41GB, reserved=8.91GB
step=5710, value=0.006285, allocated=8.41GB, reserved=8.91GB
step=5720, value=0.006285, allocated=8.41GB, reserved=8.91GB
step=5730, value=0.006285, allocated=8.41GB, reserved=8.91GB
step=5740, value=0.006285, allocated=8.41GB, reserved=8.91GB
step=5750, value=0.006285, allocated=8.41GB, reserved=8.91GB
step=5760, value=0.006285, allocated=8.41GB, reserved=8.91GB
step=5770, value=0.006285, allocated=8.41GB, reserved=8.91GB
finished
