device: NVIDIA H200
target memory GB: 16.0
matmul_size: 16384
inner_iters: 20
step=0, allocated=17.53GB, reserved=17.53GB
step=1, allocated=17.53GB, reserved=17.53GB
step=2, allocated=17.53GB, reserved=17.53GB
step=3, allocated=17.53GB, reserved=17.53GB
step=4, allocated=17.53GB, reserved=17.53GB
step=5, allocated=17.53GB, reserved=17.53GB
step=6, allocated=17.53GB, reserved=17.53GB
step=7, allocated=17.53GB, reserved=17.53GB
step=8, allocated=17.53GB, reserved=17.53GB
step=9, allocated=17.53GB, reserved=17.53GB
step=10, allocated=17.53GB, reserved=17.53GB
step=11, allocated=17.53GB, reserved=17.53GB
step=12, allocated=17.53GB, reserved=17.53GB
step=13, allocated=17.53GB, reserved=17.53GB
step=14, allocated=17.53GB, reserved=17.53GB
step=15, allocated=17.53GB, reserved=17.53GB
step=16, allocated=17.53GB, reserved=17.53GB
step=17, allocated=17.53GB, reserved=17.53GB
step=18, allocated=17.53GB, reserved=17.53GB
step=19, allocated=17.53GB, reserved=17.53GB
step=20, allocated=17.53GB, reserved=17.53GB
step=21, allocated=17.53GB, reserved=17.53GB
step=22, allocated=17.53GB, reserved=17.53GB
step=23, allocated=17.53GB, reserved=17.53GB
step=24, allocated=17.53GB, reserved=17.53GB
step=25, allocated=17.53GB, reserved=17.53GB
step=26, allocated=17.53GB, reserved=17.53GB
step=27, allocated=17.53GB, reserved=17.53GB
step=28, allocated=17.53GB, reserved=17.53GB
step=29, allocated=17.53GB, reserved=17.53GB
step=30, allocated=17.53GB, reserved=17.53GB
step=31, allocated=17.53GB, reserved=17.53GB
step=32, allocated=17.53GB, reserved=17.53GB
step=33, allocated=17.53GB, reserved=17.53GB
step=34, allocated=17.53GB, reserved=17.53GB
step=35, allocated=17.53GB, reserved=17.53GB
step=36, allocated=17.53GB, reserved=17.53GB
step=37, allocated=17.53GB, reserved=17.53GB
step=38, allocated=17.53GB, reserved=17.53GB
step=39, allocated=17.53GB, reserved=17.53GB
step=40, allocated=17.53GB, reserved=17.53GB
step=41, allocated=17.53GB, reserved=17.53GB
step=42, allocated=17.53GB, reserved=17.53GB
step=43, allocated=17.53GB, reserved=17.53GB
step=44, allocated=17.53GB, reserved=17.53GB
step=45, allocated=17.53GB, reserved=17.53GB
step=46, allocated=17.53GB, reserved=17.53GB
step=47, allocated=17.53GB, reserved=17.53GB
step=48, allocated=17.53GB, reserved=17.53GB
step=49, allocated=17.53GB, reserved=17.53GB
step=50, allocated=17.53GB, reserved=17.53GB
step=51, allocated=17.53GB, reserved=17.53GB
step=52, allocated=17.53GB, reserved=17.53GB
step=53, allocated=17.53GB, reserved=17.53GB
step=54, allocated=17.53GB, reserved=17.53GB
step=55, allocated=17.53GB, reserved=17.53GB
step=56, allocated=17.53GB, reserved=17.53GB
step=57, allocated=17.53GB, reserved=17.53GB
step=58, allocated=17.53GB, reserved=17.53GB
step=59, allocated=17.53GB, reserved=17.53GB
step=60, allocated=17.53GB, reserved=17.53GB
step=61, allocated=17.53GB, reserved=17.53GB
step=62, allocated=17.53GB, reserved=17.53GB
step=63, allocated=17.53GB, reserved=17.53GB
step=64, allocated=17.53GB, reserved=17.53GB
step=65, allocated=17.53GB, reserved=17.53GB
step=66, allocated=17.53GB, reserved=17.53GB
step=67, allocated=17.53GB, reserved=17.53GB
step=68, allocated=17.53GB, reserved=17.53GB
step=69, allocated=17.53GB, reserved=17.53GB
step=70, allocated=17.53GB, reserved=17.53GB
step=71, allocated=17.53GB, reserved=17.53GB
step=72, allocated=17.53GB, reserved=17.53GB
step=73, allocated=17.53GB, reserved=17.53GB
step=74, allocated=17.53GB, reserved=17.53GB
step=75, allocated=17.53GB, reserved=17.53GB
step=76, allocated=17.53GB, reserved=17.53GB
step=77, allocated=17.53GB, reserved=17.53GB
step=78, allocated=17.53GB, reserved=17.53GB
step=79, allocated=17.53GB, reserved=17.53GB
step=80, allocated=17.53GB, reserved=17.53GB
step=81, allocated=17.53GB, reserved=17.53GB
step=82, allocated=17.53GB, reserved=17.53GB
step=83, allocated=17.53GB, reserved=17.53GB
step=84, allocated=17.53GB, reserved=17.53GB
step=85, allocated=17.53GB, reserved=17.53GB
step=86, allocated=17.53GB, reserved=17.53GB
step=87, allocated=17.53GB, reserved=17.53GB
step=88, allocated=17.53GB, reserved=17.53GB
step=89, allocated=17.53GB, reserved=17.53GB
step=90, allocated=17.53GB, reserved=17.53GB
step=91, allocated=17.53GB, reserved=17.53GB
step=92, allocated=17.53GB, reserved=17.53GB
step=93, allocated=17.53GB, reserved=17.53GB
step=94, allocated=17.53GB, reserved=17.53GB
step=95, allocated=17.53GB, reserved=17.53GB
step=96, allocated=17.53GB, reserved=17.53GB
step=97, allocated=17.53GB, reserved=17.53GB
step=98, allocated=17.53GB, reserved=17.53GB
step=99, allocated=17.53GB, reserved=17.53GB
step=100, allocated=17.53GB, reserved=17.53GB
step=101, allocated=17.53GB, reserved=17.53GB
step=102, allocated=17.53GB, reserved=17.53GB
step=103, allocated=17.53GB, reserved=17.53GB
step=104, allocated=17.53GB, reserved=17.53GB
step=105, allocated=17.53GB, reserved=17.53GB
step=106, allocated=17.53GB, reserved=17.53GB
step=107, allocated=17.53GB, reserved=17.53GB
step=108, allocated=17.53GB, reserved=17.53GB
step=109, allocated=17.53GB, reserved=17.53GB
step=110, allocated=17.53GB, reserved=17.53GB
step=111, allocated=17.53GB, reserved=17.53GB
step=112, allocated=17.53GB, reserved=17.53GB
step=113, allocated=17.53GB, reserved=17.53GB
step=114, allocated=17.53GB, reserved=17.53GB
step=115, allocated=17.53GB, reserved=17.53GB
step=116, allocated=17.53GB, reserved=17.53GB
step=117, allocated=17.53GB, reserved=17.53GB
step=118, allocated=17.53GB, reserved=17.53GB
step=119, allocated=17.53GB, reserved=17.53GB
step=120, allocated=17.53GB, reserved=17.53GB
step=121, allocated=17.53GB, reserved=17.53GB
step=122, allocated=17.53GB, reserved=17.53GB
step=123, allocated=17.53GB, reserved=17.53GB
step=124, allocated=17.53GB, reserved=17.53GB
step=125, allocated=17.53GB, reserved=17.53GB
step=126, allocated=17.53GB, reserved=17.53GB
step=127, allocated=17.53GB, reserved=17.53GB
step=128, allocated=17.53GB, reserved=17.53GB
step=129, allocated=17.53GB, reserved=17.53GB
step=130, allocated=17.53GB, reserved=17.53GB
step=131, allocated=17.53GB, reserved=17.53GB
step=132, allocated=17.53GB, reserved=17.53GB
step=133, allocated=17.53GB, reserved=17.53GB
step=134, allocated=17.53GB, reserved=17.53GB
step=135, allocated=17.53GB, reserved=17.53GB
step=136, allocated=17.53GB, reserved=17.53GB
step=137, allocated=17.53GB, reserved=17.53GB
step=138, allocated=17.53GB, reserved=17.53GB
step=139, allocated=17.53GB, reserved=17.53GB
step=140, allocated=17.53GB, reserved=17.53GB
step=141, allocated=17.53GB, reserved=17.53GB
step=142, allocated=17.53GB, reserved=17.53GB
step=143, allocated=17.53GB, reserved=17.53GB
step=144, allocated=17.53GB, reserved=17.53GB
step=145, allocated=17.53GB, reserved=17.53GB
step=146, allocated=17.53GB, reserved=17.53GB
step=147, allocated=17.53GB, reserved=17.53GB
step=148, allocated=17.53GB, reserved=17.53GB
step=149, allocated=17.53GB, reserved=17.53GB
step=150, allocated=17.53GB, reserved=17.53GB
step=151, allocated=17.53GB, reserved=17.53GB
step=152, allocated=17.53GB, reserved=17.53GB
step=153, allocated=17.53GB, reserved=17.53GB
step=154, allocated=17.53GB, reserved=17.53GB
step=155, allocated=17.53GB, reserved=17.53GB
step=156, allocated=17.53GB, reserved=17.53GB
step=157, allocated=17.53GB, reserved=17.53GB
step=158, allocated=17.53GB, reserved=17.53GB
step=159, allocated=17.53GB, reserved=17.53GB
step=160, allocated=17.53GB, reserved=17.53GB
step=161, allocated=17.53GB, reserved=17.53GB
step=162, allocated=17.53GB, reserved=17.53GB
step=163, allocated=17.53GB, reserved=17.53GB
step=164, allocated=17.53GB, reserved=17.53GB
step=165, allocated=17.53GB, reserved=17.53GB
step=166, allocated=17.53GB, reserved=17.53GB
step=167, allocated=17.53GB, reserved=17.53GB
step=168, allocated=17.53GB, reserved=17.53GB
step=169, allocated=17.53GB, reserved=17.53GB
step=170, allocated=17.53GB, reserved=17.53GB
step=171, allocated=17.53GB, reserved=17.53GB
step=172, allocated=17.53GB, reserved=17.53GB
step=173, allocated=17.53GB, reserved=17.53GB
step=174, allocated=17.53GB, reserved=17.53GB
step=175, allocated=17.53GB, reserved=17.53GB
step=176, allocated=17.53GB, reserved=17.53GB
step=177, allocated=17.53GB, reserved=17.53GB
step=178, allocated=17.53GB, reserved=17.53GB
step=179, allocated=17.53GB, reserved=17.53GB
step=180, allocated=17.53GB, reserved=17.53GB
step=181, allocated=17.53GB, reserved=17.53GB
step=182, allocated=17.53GB, reserved=17.53GB
step=183, allocated=17.53GB, reserved=17.53GB
step=184, allocated=17.53GB, reserved=17.53GB
step=185, allocated=17.53GB, reserved=17.53GB
step=186, allocated=17.53GB, reserved=17.53GB
step=187, allocated=17.53GB, reserved=17.53GB
step=188, allocated=17.53GB, reserved=17.53GB
step=189, allocated=17.53GB, reserved=17.53GB
step=190, allocated=17.53GB, reserved=17.53GB
step=191, allocated=17.53GB, reserved=17.53GB
step=192, allocated=17.53GB, reserved=17.53GB
step=193, allocated=17.53GB, reserved=17.53GB
step=194, allocated=17.53GB, reserved=17.53GB
step=195, allocated=17.53GB, reserved=17.53GB
step=196, allocated=17.53GB, reserved=17.53GB
step=197, allocated=17.53GB, reserved=17.53GB
step=198, allocated=17.53GB, reserved=17.53GB
step=199, allocated=17.53GB, reserved=17.53GB
step=200, allocated=17.53GB, reserved=17.53GB
step=201, allocated=17.53GB, reserved=17.53GB
step=202, allocated=17.53GB, reserved=17.53GB
step=203, allocated=17.53GB, reserved=17.53GB
step=204, allocated=17.53GB, reserved=17.53GB
step=205, allocated=17.53GB, reserved=17.53GB
step=206, allocated=17.53GB, reserved=17.53GB
step=207, allocated=17.53GB, reserved=17.53GB
step=208, allocated=17.53GB, reserved=17.53GB
step=209, allocated=17.53GB, reserved=17.53GB
step=210, allocated=17.53GB, reserved=17.53GB
step=211, allocated=17.53GB, reserved=17.53GB
step=212, allocated=17.53GB, reserved=17.53GB
step=213, allocated=17.53GB, reserved=17.53GB
step=214, allocated=17.53GB, reserved=17.53GB
step=215, allocated=17.53GB, reserved=17.53GB
step=216, allocated=17.53GB, reserved=17.53GB
step=217, allocated=17.53GB, reserved=17.53GB
step=218, allocated=17.53GB, reserved=17.53GB
step=219, allocated=17.53GB, reserved=17.53GB
step=220, allocated=17.53GB, reserved=17.53GB
step=221, allocated=17.53GB, reserved=17.53GB
step=222, allocated=17.53GB, reserved=17.53GB
step=223, allocated=17.53GB, reserved=17.53GB
step=224, allocated=17.53GB, reserved=17.53GB
step=225, allocated=17.53GB, reserved=17.53GB
step=226, allocated=17.53GB, reserved=17.53GB
step=227, allocated=17.53GB, reserved=17.53GB
step=228, allocated=17.53GB, reserved=17.53GB
step=229, allocated=17.53GB, reserved=17.53GB
step=230, allocated=17.53GB, reserved=17.53GB
step=231, allocated=17.53GB, reserved=17.53GB
step=232, allocated=17.53GB, reserved=17.53GB
step=233, allocated=17.53GB, reserved=17.53GB
step=234, allocated=17.53GB, reserved=17.53GB
step=235, allocated=17.53GB, reserved=17.53GB
step=236, allocated=17.53GB, reserved=17.53GB
step=237, allocated=17.53GB, reserved=17.53GB
step=238, allocated=17.53GB, reserved=17.53GB
step=239, allocated=17.53GB, reserved=17.53GB
step=240, allocated=17.53GB, reserved=17.53GB
step=241, allocated=17.53GB, reserved=17.53GB
step=242, allocated=17.53GB, reserved=17.53GB
step=243, allocated=17.53GB, reserved=17.53GB
step=244, allocated=17.53GB, reserved=17.53GB
step=245, allocated=17.53GB, reserved=17.53GB
step=246, allocated=17.53GB, reserved=17.53GB
step=247, allocated=17.53GB, reserved=17.53GB
step=248, allocated=17.53GB, reserved=17.53GB
step=249, allocated=17.53GB, reserved=17.53GB
step=250, allocated=17.53GB, reserved=17.53GB
step=251, allocated=17.53GB, reserved=17.53GB
step=252, allocated=17.53GB, reserved=17.53GB
step=253, allocated=17.53GB, reserved=17.53GB
step=254, allocated=17.53GB, reserved=17.53GB
step=255, allocated=17.53GB, reserved=17.53GB
step=256, allocated=17.53GB, reserved=17.53GB
step=257, allocated=17.53GB, reserved=17.53GB
step=258, allocated=17.53GB, reserved=17.53GB
step=259, allocated=17.53GB, reserved=17.53GB
step=260, allocated=17.53GB, reserved=17.53GB
step=261, allocated=17.53GB, reserved=17.53GB
step=262, allocated=17.53GB, reserved=17.53GB
step=263, allocated=17.53GB, reserved=17.53GB
step=264, allocated=17.53GB, reserved=17.53GB
step=265, allocated=17.53GB, reserved=17.53GB
step=266, allocated=17.53GB, reserved=17.53GB
step=267, allocated=17.53GB, reserved=17.53GB
step=268, allocated=17.53GB, reserved=17.53GB
step=269, allocated=17.53GB, reserved=17.53GB
step=270, allocated=17.53GB, reserved=17.53GB
step=271, allocated=17.53GB, reserved=17.53GB
step=272, allocated=17.53GB, reserved=17.53GB
step=273, allocated=17.53GB, reserved=17.53GB
step=274, allocated=17.53GB, reserved=17.53GB
step=275, allocated=17.53GB, reserved=17.53GB
step=276, allocated=17.53GB, reserved=17.53GB
step=277, allocated=17.53GB, reserved=17.53GB
step=278, allocated=17.53GB, reserved=17.53GB
step=279, allocated=17.53GB, reserved=17.53GB
step=280, allocated=17.53GB, reserved=17.53GB
step=281, allocated=17.53GB, reserved=17.53GB
step=282, allocated=17.53GB, reserved=17.53GB
step=283, allocated=17.53GB, reserved=17.53GB
step=284, allocated=17.53GB, reserved=17.53GB
step=285, allocated=17.53GB, reserved=17.53GB
step=286, allocated=17.53GB, reserved=17.53GB
step=287, allocated=17.53GB, reserved=17.53GB
step=288, allocated=17.53GB, reserved=17.53GB
step=289, allocated=17.53GB, reserved=17.53GB
step=290, allocated=17.53GB, reserved=17.53GB
step=291, allocated=17.53GB, reserved=17.53GB
step=292, allocated=17.53GB, reserved=17.53GB
step=293, allocated=17.53GB, reserved=17.53GB
step=294, allocated=17.53GB, reserved=17.53GB
step=295, allocated=17.53GB, reserved=17.53GB
step=296, allocated=17.53GB, reserved=17.53GB
step=297, allocated=17.53GB, reserved=17.53GB
step=298, allocated=17.53GB, reserved=17.53GB
step=299, allocated=17.53GB, reserved=17.53GB
step=300, allocated=17.53GB, reserved=17.53GB
step=301, allocated=17.53GB, reserved=17.53GB
step=302, allocated=17.53GB, reserved=17.53GB
step=303, allocated=17.53GB, reserved=17.53GB
step=304, allocated=17.53GB, reserved=17.53GB
step=305, allocated=17.53GB, reserved=17.53GB
step=306, allocated=17.53GB, reserved=17.53GB
step=307, allocated=17.53GB, reserved=17.53GB
step=308, allocated=17.53GB, reserved=17.53GB
step=309, allocated=17.53GB, reserved=17.53GB
step=310, allocated=17.53GB, reserved=17.53GB
step=311, allocated=17.53GB, reserved=17.53GB
step=312, allocated=17.53GB, reserved=17.53GB
step=313, allocated=17.53GB, reserved=17.53GB
step=314, allocated=17.53GB, reserved=17.53GB
step=315, allocated=17.53GB, reserved=17.53GB
step=316, allocated=17.53GB, reserved=17.53GB
step=317, allocated=17.53GB, reserved=17.53GB
step=318, allocated=17.53GB, reserved=17.53GB
step=319, allocated=17.53GB, reserved=17.53GB
step=320, allocated=17.53GB, reserved=17.53GB
step=321, allocated=17.53GB, reserved=17.53GB
step=322, allocated=17.53GB, reserved=17.53GB
step=323, allocated=17.53GB, reserved=17.53GB
step=324, allocated=17.53GB, reserved=17.53GB
step=325, allocated=17.53GB, reserved=17.53GB
step=326, allocated=17.53GB, reserved=17.53GB
step=327, allocated=17.53GB, reserved=17.53GB
step=328, allocated=17.53GB, reserved=17.53GB
step=329, allocated=17.53GB, reserved=17.53GB
step=330, allocated=17.53GB, reserved=17.53GB
step=331, allocated=17.53GB, reserved=17.53GB
step=332, allocated=17.53GB, reserved=17.53GB
step=333, allocated=17.53GB, reserved=17.53GB
step=334, allocated=17.53GB, reserved=17.53GB
step=335, allocated=17.53GB, reserved=17.53GB
step=336, allocated=17.53GB, reserved=17.53GB
step=337, allocated=17.53GB, reserved=17.53GB
step=338, allocated=17.53GB, reserved=17.53GB
step=339, allocated=17.53GB, reserved=17.53GB
step=340, allocated=17.53GB, reserved=17.53GB
step=341, allocated=17.53GB, reserved=17.53GB
step=342, allocated=17.53GB, reserved=17.53GB
step=343, allocated=17.53GB, reserved=17.53GB
step=344, allocated=17.53GB, reserved=17.53GB
step=345, allocated=17.53GB, reserved=17.53GB
step=346, allocated=17.53GB, reserved=17.53GB
step=347, allocated=17.53GB, reserved=17.53GB
step=348, allocated=17.53GB, reserved=17.53GB
step=349, allocated=17.53GB, reserved=17.53GB
step=350, allocated=17.53GB, reserved=17.53GB
step=351, allocated=17.53GB, reserved=17.53GB
step=352, allocated=17.53GB, reserved=17.53GB
step=353, allocated=17.53GB, reserved=17.53GB
step=354, allocated=17.53GB, reserved=17.53GB
step=355, allocated=17.53GB, reserved=17.53GB
step=356, allocated=17.53GB, reserved=17.53GB
step=357, allocated=17.53GB, reserved=17.53GB
step=358, allocated=17.53GB, reserved=17.53GB
step=359, allocated=17.53GB, reserved=17.53GB
step=360, allocated=17.53GB, reserved=17.53GB
step=361, allocated=17.53GB, reserved=17.53GB
step=362, allocated=17.53GB, reserved=17.53GB
step=363, allocated=17.53GB, reserved=17.53GB
step=364, allocated=17.53GB, reserved=17.53GB
step=365, allocated=17.53GB, reserved=17.53GB
step=366, allocated=17.53GB, reserved=17.53GB
step=367, allocated=17.53GB, reserved=17.53GB
step=368, allocated=17.53GB, reserved=17.53GB
step=369, allocated=17.53GB, reserved=17.53GB
step=370, allocated=17.53GB, reserved=17.53GB
step=371, allocated=17.53GB, reserved=17.53GB
step=372, allocated=17.53GB, reserved=17.53GB
step=373, allocated=17.53GB, reserved=17.53GB
step=374, allocated=17.53GB, reserved=17.53GB
step=375, allocated=17.53GB, reserved=17.53GB
step=376, allocated=17.53GB, reserved=17.53GB
step=377, allocated=17.53GB, reserved=17.53GB
step=378, allocated=17.53GB, reserved=17.53GB
step=379, allocated=17.53GB, reserved=17.53GB
step=380, allocated=17.53GB, reserved=17.53GB
step=381, allocated=17.53GB, reserved=17.53GB
step=382, allocated=17.53GB, reserved=17.53GB
step=383, allocated=17.53GB, reserved=17.53GB
step=384, allocated=17.53GB, reserved=17.53GB
step=385, allocated=17.53GB, reserved=17.53GB
step=386, allocated=17.53GB, reserved=17.53GB
step=387, allocated=17.53GB, reserved=17.53GB
step=388, allocated=17.53GB, reserved=17.53GB
step=389, allocated=17.53GB, reserved=17.53GB
step=390, allocated=17.53GB, reserved=17.53GB
step=391, allocated=17.53GB, reserved=17.53GB
step=392, allocated=17.53GB, reserved=17.53GB
step=393, allocated=17.53GB, reserved=17.53GB
step=394, allocated=17.53GB, reserved=17.53GB
step=395, allocated=17.53GB, reserved=17.53GB
step=396, allocated=17.53GB, reserved=17.53GB
step=397, allocated=17.53GB, reserved=17.53GB
step=398, allocated=17.53GB, reserved=17.53GB
step=399, allocated=17.53GB, reserved=17.53GB
step=400, allocated=17.53GB, reserved=17.53GB
step=401, allocated=17.53GB, reserved=17.53GB
step=402, allocated=17.53GB, reserved=17.53GB
step=403, allocated=17.53GB, reserved=17.53GB
step=404, allocated=17.53GB, reserved=17.53GB
step=405, allocated=17.53GB, reserved=17.53GB
step=406, allocated=17.53GB, reserved=17.53GB
step=407, allocated=17.53GB, reserved=17.53GB
step=408, allocated=17.53GB, reserved=17.53GB
step=409, allocated=17.53GB, reserved=17.53GB
step=410, allocated=17.53GB, reserved=17.53GB
step=411, allocated=17.53GB, reserved=17.53GB
step=412, allocated=17.53GB, reserved=17.53GB
step=413, allocated=17.53GB, reserved=17.53GB
step=414, allocated=17.53GB, reserved=17.53GB
step=415, allocated=17.53GB, reserved=17.53GB
step=416, allocated=17.53GB, reserved=17.53GB
step=417, allocated=17.53GB, reserved=17.53GB
step=418, allocated=17.53GB, reserved=17.53GB
step=419, allocated=17.53GB, reserved=17.53GB
step=420, allocated=17.53GB, reserved=17.53GB
step=421, allocated=17.53GB, reserved=17.53GB
step=422, allocated=17.53GB, reserved=17.53GB
step=423, allocated=17.53GB, reserved=17.53GB
step=424, allocated=17.53GB, reserved=17.53GB
step=425, allocated=17.53GB, reserved=17.53GB
step=426, allocated=17.53GB, reserved=17.53GB
step=427, allocated=17.53GB, reserved=17.53GB
step=428, allocated=17.53GB, reserved=17.53GB
step=429, allocated=17.53GB, reserved=17.53GB
step=430, allocated=17.53GB, reserved=17.53GB
step=431, allocated=17.53GB, reserved=17.53GB
step=432, allocated=17.53GB, reserved=17.53GB
step=433, allocated=17.53GB, reserved=17.53GB
step=434, allocated=17.53GB, reserved=17.53GB
step=435, allocated=17.53GB, reserved=17.53GB
step=436, allocated=17.53GB, reserved=17.53GB
step=437, allocated=17.53GB, reserved=17.53GB
step=438, allocated=17.53GB, reserved=17.53GB
step=439, allocated=17.53GB, reserved=17.53GB
step=440, allocated=17.53GB, reserved=17.53GB
step=441, allocated=17.53GB, reserved=17.53GB
step=442, allocated=17.53GB, reserved=17.53GB
step=443, allocated=17.53GB, reserved=17.53GB
step=444, allocated=17.53GB, reserved=17.53GB
step=445, allocated=17.53GB, reserved=17.53GB
step=446, allocated=17.53GB, reserved=17.53GB
step=447, allocated=17.53GB, reserved=17.53GB
step=448, allocated=17.53GB, reserved=17.53GB
step=449, allocated=17.53GB, reserved=17.53GB
step=450, allocated=17.53GB, reserved=17.53GB
step=451, allocated=17.53GB, reserved=17.53GB
step=452, allocated=17.53GB, reserved=17.53GB
step=453, allocated=17.53GB, reserved=17.53GB
step=454, allocated=17.53GB, reserved=17.53GB
step=455, allocated=17.53GB, reserved=17.53GB
step=456, allocated=17.53GB, reserved=17.53GB
step=457, allocated=17.53GB, reserved=17.53GB
step=458, allocated=17.53GB, reserved=17.53GB
step=459, allocated=17.53GB, reserved=17.53GB
step=460, allocated=17.53GB, reserved=17.53GB
step=461, allocated=17.53GB, reserved=17.53GB
step=462, allocated=17.53GB, reserved=17.53GB
step=463, allocated=17.53GB, reserved=17.53GB
step=464, allocated=17.53GB, reserved=17.53GB
step=465, allocated=17.53GB, reserved=17.53GB
step=466, allocated=17.53GB, reserved=17.53GB
step=467, allocated=17.53GB, reserved=17.53GB
step=468, allocated=17.53GB, reserved=17.53GB
step=469, allocated=17.53GB, reserved=17.53GB
step=470, allocated=17.53GB, reserved=17.53GB
step=471, allocated=17.53GB, reserved=17.53GB
step=472, allocated=17.53GB, reserved=17.53GB
step=473, allocated=17.53GB, reserved=17.53GB
step=474, allocated=17.53GB, reserved=17.53GB
step=475, allocated=17.53GB, reserved=17.53GB
step=476, allocated=17.53GB, reserved=17.53GB
step=477, allocated=17.53GB, reserved=17.53GB
step=478, allocated=17.53GB, reserved=17.53GB
step=479, allocated=17.53GB, reserved=17.53GB
step=480, allocated=17.53GB, reserved=17.53GB
step=481, allocated=17.53GB, reserved=17.53GB
step=482, allocated=17.53GB, reserved=17.53GB
step=483, allocated=17.53GB, reserved=17.53GB
step=484, allocated=17.53GB, reserved=17.53GB
step=485, allocated=17.53GB, reserved=17.53GB
step=486, allocated=17.53GB, reserved=17.53GB
step=487, allocated=17.53GB, reserved=17.53GB
step=488, allocated=17.53GB, reserved=17.53GB
step=489, allocated=17.53GB, reserved=17.53GB
step=490, allocated=17.53GB, reserved=17.53GB
step=491, allocated=17.53GB, reserved=17.53GB
step=492, allocated=17.53GB, reserved=17.53GB
step=493, allocated=17.53GB, reserved=17.53GB
step=494, allocated=17.53GB, reserved=17.53GB
step=495, allocated=17.53GB, reserved=17.53GB
step=496, allocated=17.53GB, reserved=17.53GB
step=497, allocated=17.53GB, reserved=17.53GB
step=498, allocated=17.53GB, reserved=17.53GB
step=499, allocated=17.53GB, reserved=17.53GB
step=500, allocated=17.53GB, reserved=17.53GB
step=501, allocated=17.53GB, reserved=17.53GB
step=502, allocated=17.53GB, reserved=17.53GB
step=503, allocated=17.53GB, reserved=17.53GB
step=504, allocated=17.53GB, reserved=17.53GB
step=505, allocated=17.53GB, reserved=17.53GB
step=506, allocated=17.53GB, reserved=17.53GB
step=507, allocated=17.53GB, reserved=17.53GB
step=508, allocated=17.53GB, reserved=17.53GB
step=509, allocated=17.53GB, reserved=17.53GB
step=510, allocated=17.53GB, reserved=17.53GB
step=511, allocated=17.53GB, reserved=17.53GB
step=512, allocated=17.53GB, reserved=17.53GB
step=513, allocated=17.53GB, reserved=17.53GB
